
> sands-ornaments@0.0.0 build
> vite build

[36mvite v7.3.0 [32mbuilding client environment for production...[36m[39m
transforming...
[32mÔ£ô[39m 3550 modules transformed.
rendering chunks...
computing gzip size...
[2mdist/[22m[32mindex.html                                                 [39m[1m[2m    0.59 kB[22m[1m[22m[2m Ôöé gzip:   0.36 kB[22m
[2mdist/[22m[32massets/sands-logo-ToXMjQCC.png                             [39m[1m[2m   52.42 kB[22m[1m[22m
[2mdist/[22m[32massets/SANDS JEWELS ICON PINK-DDKh_lG0.png                 [39m[1m[2m   63.31 kB[22m[1m[22m
[2mdist/[22m[32massets/PremiumGifts-C1wpU-tX.png                           [39m[1m[2m   72.98 kB[22m[1m[22m
[2mdist/[22m[32massets/sands-logoname-D4PKuiem.png                         [39m[1m[2m   76.71 kB[22m[1m[22m
[2mdist/[22m[32massets/family_price_4999_clean-CAdxMRsI.jpg                [39m[1m[2m   85.28 kB[22m[1m[22m
[2mdist/[22m[32massets/SANDS JEWELS PINK (1)-DkrSk-q0.png                  [39m[1m[2m  127.71 kB[22m[1m[22m
[2mdist/[22m[32massets/CoupleRings-Dp-eFr1A.png                            [39m[1m[2m  143.99 kB[22m[1m[22m
[2mdist/[22m[32massets/silver_earrings_product-BYXbmxeP.png                [39m[1m[2m  212.73 kB[22m[1m[22m
[2mdist/[22m[32massets/family_price_2999_clean-DRVeeMhK.jpg                [39m[1m[2m  215.90 kB[22m[1m[22m
[2mdist/[22m[32massets/cat_men_nobg-wmdPn1av.png                           [39m[1m[2m  228.04 kB[22m[1m[22m
[2mdist/[22m[32massets/family_price_premium_clean-CW2cLPz7.jpg             [39m[1m[2m  232.35 kB[22m[1m[22m
[2mdist/[22m[32massets/cat_women_nobg-CKiCGdx4.png                         [39m[1m[2m  284.56 kB[22m[1m[22m
[2mdist/[22m[32massets/family_3d_daughter-DIIZlSoI.png                     [39m[1m[2m  372.60 kB[22m[1m[22m
[2mdist/[22m[32massets/silver_bracelet_product-8NbsRn0D.png                [39m[1m[2m  385.30 kB[22m[1m[22m
[2mdist/[22m[32massets/silver_anklet_product-CGBWVSZ8.png                  [39m[1m[2m  404.86 kB[22m[1m[22m
[2mdist/[22m[32massets/thumb_ring-DviRu_ly.png                             [39m[1m[2m  428.83 kB[22m[1m[22m
[2mdist/[22m[32massets/family_trend_5-D-jKxQJt.png                         [39m[1m[2m  432.02 kB[22m[1m[22m
[2mdist/[22m[32massets/thumb_pendant-dnkTBtB9.png                          [39m[1m[2m  459.57 kB[22m[1m[22m
[2mdist/[22m[32massets/silver_chain_product-8zKgYjL3.png                   [39m[1m[2m  466.38 kB[22m[1m[22m
[2mdist/[22m[32massets/family_3d_father-BCtK5cMW.png                       [39m[1m[2m  495.32 kB[22m[1m[22m
[2mdist/[22m[32massets/admin-login-bg-Dzy2arI6.png                         [39m[1m[2m  534.75 kB[22m[1m[22m
[2mdist/[22m[32massets/banner_elegant_silver-DV8Yq4oK.png                  [39m[1m[2m  539.71 kB[22m[1m[22m
[2mdist/[22m[32massets/cufflinks-524a4zpN.png                              [39m[1m[2m  540.22 kB[22m[1m[22m
[2mdist/[22m[32massets/20260414-1037-04.7611184-Do_BH5xg.mp4               [39m[1m[2m  542.55 kB[22m[1m[22m
[2mdist/[22m[32massets/banner_daily-GLP2LSGM.png                           [39m[1m[2m  543.99 kB[22m[1m[22m
[2mdist/[22m[32massets/proposal_banner-DQV6f0-Z.png                        [39m[1m[2m  554.72 kB[22m[1m[22m
[2mdist/[22m[32massets/SilverClassics-Cz1KOFwv.png                         [39m[1m[2m  560.17 kB[22m[1m[22m
[2mdist/[22m[32massets/family_trend_3-S15zpjpP.png                         [39m[1m[2m  570.64 kB[22m[1m[22m
[2mdist/[22m[32massets/cat_earrings_wine-CHcPjXbW.png                      [39m[1m[2m  576.50 kB[22m[1m[22m
[2mdist/[22m[32massets/cat_wedding_bangles-DXGmvw3u.png                    [39m[1m[2m  583.44 kB[22m[1m[22m
[2mdist/[22m[32massets/men_prod_chain-jdXeZRfz.png                         [39m[1m[2m  601.82 kB[22m[1m[22m
[2mdist/[22m[32massets/GotHitched-C1nJ_zMD.png                             [39m[1m[2m  603.43 kB[22m[1m[22m
[2mdist/[22m[32massets/nav_occasion_mothers-AnveyAxk.png                   [39m[1m[2m  603.66 kB[22m[1m[22m
[2mdist/[22m[32massets/cat_bracelet_wine-CXr5O5W1.png                      [39m[1m[2m  604.30 kB[22m[1m[22m
[2mdist/[22m[32massets/men_prod_pendant-B0G-Xemg.png                       [39m[1m[2m  604.89 kB[22m[1m[22m
[2mdist/[22m[32massets/gold_color_dual-BriOSdBE.png                        [39m[1m[2m  608.04 kB[22m[1m[22m
[2mdist/[22m[32massets/ChainLayering-rMZ-7P2U.png                          [39m[1m[2m  610.80 kB[22m[1m[22m
[2mdist/[22m[32massets/nav_occasion_anniversary-BIT0F46P.png               [39m[1m[2m  610.88 kB[22m[1m[22m
[2mdist/[22m[32massets/gift_couples--SuZky73.png                           [39m[1m[2m  614.43 kB[22m[1m[22m
[2mdist/[22m[32massets/personalized_full_banner-I2w-5ZZH.png               [39m[1m[2m  619.18 kB[22m[1m[22m
[2mdist/[22m[32massets/gift_husband_silver-B3hNiI9M.png                    [39m[1m[2m  623.63 kB[22m[1m[22m
[2mdist/[22m[32massets/men_prod_stud-DEkTB9Pq.png                          [39m[1m[2m  628.37 kB[22m[1m[22m
[2mdist/[22m[32massets/nav_gift_kids-yoYYnBpq.png                          [39m[1m[2m  631.38 kB[22m[1m[22m
[2mdist/[22m[32massets/nav_occasion_valentine-C1RcLZoF.png                 [39m[1m[2m  632.52 kB[22m[1m[22m
[2mdist/[22m[32massets/gift_boyfriends-ZUeHm9y4.png                        [39m[1m[2m  633.65 kB[22m[1m[22m
[2mdist/[22m[32massets/OfficeChic-CWW1mKx8.png                             [39m[1m[2m  636.84 kB[22m[1m[22m
[2mdist/[22m[32massets/PersonalisedBannerWine-DAjSi48W.png                 [39m[1m[2m  637.13 kB[22m[1m[22m
[2mdist/[22m[32massets/login_hero_silver-5Q-VnmVF.png                      [39m[1m[2m  637.56 kB[22m[1m[22m
[2mdist/[22m[32massets/DarkPremiumGifts-BGRvTCE-.png                       [39m[1m[2m  640.31 kB[22m[1m[22m
[2mdist/[22m[32massets/family_3d_sister-Cpw59CxN.png                       [39m[1m[2m  641.07 kB[22m[1m[22m
[2mdist/[22m[32massets/luxury_gifts_men-B0XOOHyu.png                       [39m[1m[2m  641.21 kB[22m[1m[22m
[2mdist/[22m[32massets/gold_rings_green-BBJXye7W.png                       [39m[1m[2m  641.33 kB[22m[1m[22m
[2mdist/[22m[32massets/cat_pendant_wine-CNNeLSlG.png                       [39m[1m[2m  643.23 kB[22m[1m[22m
[2mdist/[22m[32massets/cat_anklet_wine-BHHg5ild.png                        [39m[1m[2m  643.43 kB[22m[1m[22m
[2mdist/[22m[32massets/men_prod_ring-CwsmgUte.png                          [39m[1m[2m  646.84 kB[22m[1m[22m
[2mdist/[22m[32massets/nav_gift_couple-BvAIkeEO.png                        [39m[1m[2m  652.22 kB[22m[1m[22m
[2mdist/[22m[32massets/home_gift_for_bridesmaid-BQsbkszo.png               [39m[1m[2m  654.24 kB[22m[1m[22m
[2mdist/[22m[32massets/cat_chain_wine-CI5iFE77.png                         [39m[1m[2m  658.65 kB[22m[1m[22m
[2mdist/[22m[32massets/family_3d_spouse-BrBRq3bF.png                       [39m[1m[2m  661.13 kB[22m[1m[22m
[2mdist/[22m[32massets/gift_husbands-DhjyS1vL.png                          [39m[1m[2m  665.55 kB[22m[1m[22m
[2mdist/[22m[32massets/cat_ring_wine-CWBgDYLe.png                          [39m[1m[2m  666.30 kB[22m[1m[22m
[2mdist/[22m[32massets/men-interactive-DD-t1SLj.png                        [39m[1m[2m  668.44 kB[22m[1m[22m
[2mdist/[22m[32massets/bond_brothers-CTZ8sWYF.png                          [39m[1m[2m  673.47 kB[22m[1m[22m
[2mdist/[22m[32massets/thumb_chain-a_cxZEXu.png                            [39m[1m[2m  673.63 kB[22m[1m[22m
[2mdist/[22m[32massets/banner_bond_husband-BF5HMui-.png                    [39m[1m[2m  673.65 kB[22m[1m[22m
[2mdist/[22m[32massets/gold_fusion-BJ1R7LXW.png                            [39m[1m[2m  674.79 kB[22m[1m[22m
[2mdist/[22m[32massets/banner_bond_brothers-Crf-rJt4.png                   [39m[1m[2m  675.90 kB[22m[1m[22m
[2mdist/[22m[32massets/bond_husband-BEnJJgoy.png                           [39m[1m[2m  675.95 kB[22m[1m[22m
[2mdist/[22m[32massets/ritual_range-DrozRv2g.png                           [39m[1m[2m  678.70 kB[22m[1m[22m
[2mdist/[22m[32massets/hero_masterpiece-DlBDM3NP.png                       [39m[1m[2m  680.46 kB[22m[1m[22m
[2mdist/[22m[32massets/men_hero_style-Ckj5yWGk.png                         [39m[1m[2m  682.00 kB[22m[1m[22m
[2mdist/[22m[32massets/theme_knots-DmybSpvr.png                            [39m[1m[2m  682.33 kB[22m[1m[22m
[2mdist/[22m[32massets/gold_earrings_green-Czi5bW6u.png                    [39m[1m[2m  683.03 kB[22m[1m[22m
[2mdist/[22m[32massets/chains-CxnRacoQ.png                                 [39m[1m[2m  683.40 kB[22m[1m[22m
[2mdist/[22m[32massets/family_trend_6-Cz4weZqS.png                         [39m[1m[2m  683.43 kB[22m[1m[22m
[2mdist/[22m[32massets/testimonial_customer_3-9RwZFNmv.png                 [39m[1m[2m  683.84 kB[22m[1m[22m
[2mdist/[22m[32massets/Chains-CTA2NgRn.png                                 [39m[1m[2m  684.06 kB[22m[1m[22m
[2mdist/[22m[32massets/Earrings-gNxaZDG_.png                               [39m[1m[2m  684.29 kB[22m[1m[22m
[2mdist/[22m[32massets/gold_color_white-B8BJHxrc.png                       [39m[1m[2m  685.45 kB[22m[1m[22m
[2mdist/[22m[32massets/testimonial_customer_1-C8s-8kv0.png                 [39m[1m[2m  686.57 kB[22m[1m[22m
[2mdist/[22m[32massets/nav_gift_women-DaojpL3T.png                         [39m[1m[2m  686.78 kB[22m[1m[22m
[2mdist/[22m[32massets/rings-D20SEQSn.png                                  [39m[1m[2m  687.18 kB[22m[1m[22m
[2mdist/[22m[32massets/banner_bond_wife-9HDwd431.png                       [39m[1m[2m  687.93 kB[22m[1m[22m
[2mdist/[22m[32massets/theme_bubbles-09sGQIA7.png                          [39m[1m[2m  688.50 kB[22m[1m[22m
[2mdist/[22m[32massets/luxury_ring_men-CS-ZAjHM.png                        [39m[1m[2m  688.71 kB[22m[1m[22m
[2mdist/[22m[32massets/hero_slide_3-Bz7hDi9X.png                           [39m[1m[2m  689.64 kB[22m[1m[22m
[2mdist/[22m[32massets/theme_drops-BSd1aoC9.png                            [39m[1m[2m  689.87 kB[22m[1m[22m
[2mdist/[22m[32massets/Sets-CtqGYr5d.png                                   [39m[1m[2m  690.80 kB[22m[1m[22m
[2mdist/[22m[32massets/men_prod_bracelet-_HM2vVFL.png                      [39m[1m[2m  691.72 kB[22m[1m[22m
[2mdist/[22m[32massets/gold_nosepins_green-CS66ICso.png                    [39m[1m[2m  691.79 kB[22m[1m[22m
[2mdist/[22m[32massets/PartyGlam-BlGrAi3N.png                              [39m[1m[2m  693.24 kB[22m[1m[22m
[2mdist/[22m[32massets/bond_wife-CHLmvXZA.png                              [39m[1m[2m  694.35 kB[22m[1m[22m
[2mdist/[22m[32massets/GiftsForHer-CWcb0AyD.png                            [39m[1m[2m  694.86 kB[22m[1m[22m
[2mdist/[22m[32massets/diamond_luxury-CFq69esR.png                         [39m[1m[2m  695.56 kB[22m[1m[22m
[2mdist/[22m[32massets/price_under_3999-B0ByssfT.png                       [39m[1m[2m  696.51 kB[22m[1m[22m
[2mdist/[22m[32massets/family_3d_mother-DBvyUo1W.png                       [39m[1m[2m  697.14 kB[22m[1m[22m
[2mdist/[22m[32massets/earrings-DmSlKeDk.png                               [39m[1m[2m  700.09 kB[22m[1m[22m
[2mdist/[22m[32massets/cat_wedding_diamond-cxkStL-M.png                    [39m[1m[2m  701.16 kB[22m[1m[22m
[2mdist/[22m[32massets/theme_infinity-DZS8ggsj.png                         [39m[1m[2m  703.20 kB[22m[1m[22m
[2mdist/[22m[32massets/gift_gf_silver-BZxX6MoL.png                         [39m[1m[2m  705.21 kB[22m[1m[22m
[2mdist/[22m[32massets/DarkCoupleRings-BbENumkt.png                        [39m[1m[2m  706.65 kB[22m[1m[22m
[2mdist/[22m[32massets/Rings-BaDZhpff.png                                  [39m[1m[2m  707.29 kB[22m[1m[22m
[2mdist/[22m[32massets/banner_bond_mother-BATe56aD.png                     [39m[1m[2m  707.64 kB[22m[1m[22m
[2mdist/[22m[32massets/women_hero_radiance-dr2eGfK0.png                    [39m[1m[2m  707.70 kB[22m[1m[22m
[2mdist/[22m[32massets/bond_sister-BbDitznK.png                            [39m[1m[2m  707.76 kB[22m[1m[22m
[2mdist/[22m[32massets/family_luxury_banner_new-C-Xiiby2.png               [39m[1m[2m  709.10 kB[22m[1m[22m
[2mdist/[22m[32massets/sets-B_LZH2J6.png                                   [39m[1m[2m  709.36 kB[22m[1m[22m
[2mdist/[22m[32massets/new_launch_studs-BTXd25cF.png                       [39m[1m[2m  714.38 kB[22m[1m[22m
[2mdist/[22m[32massets/hero_rings--0m7q2ob.png                             [39m[1m[2m  717.41 kB[22m[1m[22m
[2mdist/[22m[32massets/toerings-DfcttYvQ.png                               [39m[1m[2m  718.33 kB[22m[1m[22m
[2mdist/[22m[32massets/spring_silver_campaign-Cv_eG52E.png                 [39m[1m[2m  720.13 kB[22m[1m[22m
[2mdist/[22m[32massets/newlaunch-BvYrVYQl.png                              [39m[1m[2m  720.49 kB[22m[1m[22m
[2mdist/[22m[32massets/theme_moon-BUwQXOhH.png                             [39m[1m[2m  720.51 kB[22m[1m[22m
[2mdist/[22m[32massets/gold_woman-D2sdioQg.png                             [39m[1m[2m  721.38 kB[22m[1m[22m
[2mdist/[22m[32massets/nav_gift_girls-CSyZWhNc.png                         [39m[1m[2m  723.21 kB[22m[1m[22m
[2mdist/[22m[32massets/silver_minimalist-BIsBkHBb.png                      [39m[1m[2m  724.14 kB[22m[1m[22m
[2mdist/[22m[32massets/banner_bond_sister-BekYIWT4.png                     [39m[1m[2m  724.70 kB[22m[1m[22m
[2mdist/[22m[32massets/luxury_pendant_men-BuT9cWs5.png                     [39m[1m[2m  724.70 kB[22m[1m[22m
[2mdist/[22m[32massets/theme_leaves-twTHTHJI.png                           [39m[1m[2m  725.07 kB[22m[1m[22m
[2mdist/[22m[32massets/lifestyle_minimalistic-Ca7K1a4o.png                 [39m[1m[2m  725.30 kB[22m[1m[22m
[2mdist/[22m[32massets/mangalsutra-CcFuNgOc.png                            [39m[1m[2m  725.76 kB[22m[1m[22m
[2mdist/[22m[32massets/new_launch_earrings-CcG4nnHz.png                    [39m[1m[2m  725.84 kB[22m[1m[22m
[2mdist/[22m[32massets/cat_rings-DagYHS3z.png                              [39m[1m[2m  729.18 kB[22m[1m[22m
[2mdist/[22m[32massets/wedding_jewels-D6K3lPvS.png                         [39m[1m[2m  730.33 kB[22m[1m[22m
[2mdist/[22m[32massets/SpiritualPicks-DOucGztm.png                         [39m[1m[2m  737.34 kB[22m[1m[22m
[2mdist/[22m[32massets/gold_office_wear_banner_1775911038204-CxUEPgie.png  [39m[1m[2m  738.70 kB[22m[1m[22m
[2mdist/[22m[32massets/edge_banner-C8DBpgF0.png                            [39m[1m[2m  738.83 kB[22m[1m[22m
[2mdist/[22m[32massets/price_under_999-C4iQhDYB.png                        [39m[1m[2m  739.05 kB[22m[1m[22m
[2mdist/[22m[32massets/lifestyle_date_night-DE2rFt9C.png                   [39m[1m[2m  743.47 kB[22m[1m[22m
[2mdist/[22m[32massets/office_wear-CZ9-nT85.png                            [39m[1m[2m  744.61 kB[22m[1m[22m
[2mdist/[22m[32massets/silver_woman-CJu98W7c.png                           [39m[1m[2m  746.33 kB[22m[1m[22m
[2mdist/[22m[32massets/gift_brothers-DT2tt6Sp.png                          [39m[1m[2m  746.95 kB[22m[1m[22m
[2mdist/[22m[32massets/Bracelets-BV91Qeej.png                              [39m[1m[2m  748.54 kB[22m[1m[22m
[2mdist/[22m[32massets/pendants-BmMoWMjI.png                               [39m[1m[2m  748.66 kB[22m[1m[22m
[2mdist/[22m[32massets/testimonial_customer_2-BRSLQyO2.png                 [39m[1m[2m  749.15 kB[22m[1m[22m
[2mdist/[22m[32massets/gold_color_rose-vJvCKJWL.png                        [39m[1m[2m  749.53 kB[22m[1m[22m
[2mdist/[22m[32massets/family_3d_baby-CblMJosW.png                         [39m[1m[2m  750.82 kB[22m[1m[22m
[2mdist/[22m[32massets/RingsStacking-BAF0kx2p.png                          [39m[1m[2m  752.42 kB[22m[1m[22m
[2mdist/[22m[32massets/new_launch_bracelets-rMQ1k2x6.png                   [39m[1m[2m  753.71 kB[22m[1m[22m
[2mdist/[22m[32massets/trending_modern-C_X1CPjz.png                        [39m[1m[2m  754.68 kB[22m[1m[22m
[2mdist/[22m[32massets/trending_heritage-DmhwxDQd.png                      [39m[1m[2m  757.62 kB[22m[1m[22m
[2mdist/[22m[32massets/hero_bracelets-68Z5ku0T.png                         [39m[1m[2m  758.29 kB[22m[1m[22m
[2mdist/[22m[32massets/men_hero_elite-DUlvBAY3.png                         [39m[1m[2m  759.28 kB[22m[1m[22m
[2mdist/[22m[32massets/price_under_1999-CDG01-GE.png                       [39m[1m[2m  759.62 kB[22m[1m[22m
[2mdist/[22m[32massets/silverchains-B-4fgonf.png                           [39m[1m[2m  760.52 kB[22m[1m[22m
[2mdist/[22m[32massets/rosegold_woman-zFeO4oLF.png                         [39m[1m[2m  762.46 kB[22m[1m[22m
[2mdist/[22m[32massets/bond_mother-DN2Lv4p_.png                            [39m[1m[2m  763.18 kB[22m[1m[22m
[2mdist/[22m[32massets/nosepin-Bxz71B0W.png                                [39m[1m[2m  763.88 kB[22m[1m[22m
[2mdist/[22m[32massets/bridal-D-wz06Y2.png                                 [39m[1m[2m  764.13 kB[22m[1m[22m
[2mdist/[22m[32massets/cat_earrings-B3kX43p7.png                           [39m[1m[2m  764.57 kB[22m[1m[22m
[2mdist/[22m[32massets/gold_mangalsutra_green-jflZ0wWC.png                 [39m[1m[2m  766.36 kB[22m[1m[22m
[2mdist/[22m[32massets/nav_gift_mens-CAdw3eAi.png                          [39m[1m[2m  767.12 kB[22m[1m[22m
[2mdist/[22m[32massets/family_3d_brother-qNUBwUfR.png                      [39m[1m[2m  768.89 kB[22m[1m[22m
[2mdist/[22m[32massets/BridalBliss-DKO1epRr.png                            [39m[1m[2m  770.48 kB[22m[1m[22m
[2mdist/[22m[32massets/party_spark-CVZgp-W_.png                            [39m[1m[2m  770.88 kB[22m[1m[22m
[2mdist/[22m[32massets/luxury_range_10k-C92k3JDC.png                       [39m[1m[2m  771.68 kB[22m[1m[22m
[2mdist/[22m[32massets/banner_office-DNjTSB1j.png                          [39m[1m[2m  772.60 kB[22m[1m[22m
[2mdist/[22m[32massets/nav_occasion_birthday-Dx7zij1u.png                  [39m[1m[2m  773.15 kB[22m[1m[22m
[2mdist/[22m[32massets/family_astra-DwDfU6La.png                           [39m[1m[2m  773.88 kB[22m[1m[22m
[2mdist/[22m[32massets/rings-DBprI3nW.png                                  [39m[1m[2m  774.47 kB[22m[1m[22m
[2mdist/[22m[32massets/Pendants-ijA_URdK.png                               [39m[1m[2m  775.71 kB[22m[1m[22m
[2mdist/[22m[32massets/DazzlingRings-D29_SLPS.png                          [39m[1m[2m  777.63 kB[22m[1m[22m
[2mdist/[22m[32massets/spiritual-DY8OlHEJ.png                              [39m[1m[2m  779.85 kB[22m[1m[22m
[2mdist/[22m[32massets/anklets-C5N2LIk6.png                                [39m[1m[2m  780.67 kB[22m[1m[22m
[2mdist/[22m[32massets/banner_party-0rfaGjG9.png                           [39m[1m[2m  784.24 kB[22m[1m[22m
[2mdist/[22m[32massets/Personalised-D1PoOjVq.png                           [39m[1m[2m  784.40 kB[22m[1m[22m
[2mdist/[22m[32massets/BohoAnklets-DQHaSVAl.png                            [39m[1m[2m  788.06 kB[22m[1m[22m
[2mdist/[22m[32massets/bangle-BvbayI9A.png                                 [39m[1m[2m  788.23 kB[22m[1m[22m
[2mdist/[22m[32massets/oxidised_woman-B8q_JODc.png                         [39m[1m[2m  788.40 kB[22m[1m[22m
[2mdist/[22m[32massets/personalised-DD1X44sh.png                           [39m[1m[2m  788.73 kB[22m[1m[22m
[2mdist/[22m[32massets/haldi-CO2uISM7.png                                  [39m[1m[2m  791.18 kB[22m[1m[22m
[2mdist/[22m[32massets/cat_wedding_choker-CWG1V_6a.png                     [39m[1m[2m  792.81 kB[22m[1m[22m
[2mdist/[22m[32massets/luxury_range_15k-CZKdV_Ez.png                       [39m[1m[2m  793.84 kB[22m[1m[22m
[2mdist/[22m[32massets/lifestyle_casual-Dt51fWIU.png                       [39m[1m[2m  794.55 kB[22m[1m[22m
[2mdist/[22m[32massets/Bangles-i8ucEUmd.png                                [39m[1m[2m  796.05 kB[22m[1m[22m
[2mdist/[22m[32massets/family_3d_grandmother-qMTrTA9i.png                  [39m[1m[2m  798.25 kB[22m[1m[22m
[2mdist/[22m[32massets/cat_pendant-757IViTo.png                            [39m[1m[2m  800.05 kB[22m[1m[22m
[2mdist/[22m[32massets/custom-UwpZ_PhC.png                                 [39m[1m[2m  801.30 kB[22m[1m[22m
[2mdist/[22m[32massets/gold_daily_wear_banner_1775911015640-BzpjaowW.png   [39m[1m[2m  803.20 kB[22m[1m[22m
[2mdist/[22m[32massets/DateNight-DL-8HdWb.png                              [39m[1m[2m  803.89 kB[22m[1m[22m
[2mdist/[22m[32massets/gold_sets_green-X1kpR9UE.png                        [39m[1m[2m  808.41 kB[22m[1m[22m
[2mdist/[22m[32massets/cat_bracelets-gitGG8TU.png                          [39m[1m[2m  810.41 kB[22m[1m[22m
[2mdist/[22m[32massets/banner_bond_friends-CAs5_aoY.png                    [39m[1m[2m  810.48 kB[22m[1m[22m
[2mdist/[22m[32massets/cat_anklets-CQp1NVKH.png                            [39m[1m[2m  815.36 kB[22m[1m[22m
[2mdist/[22m[32massets/price_under_2999-DYMGFwZu.png                       [39m[1m[2m  815.59 kB[22m[1m[22m
[2mdist/[22m[32massets/bracelets-B4wdhJ9o.png                              [39m[1m[2m  816.17 kB[22m[1m[22m
[2mdist/[22m[32massets/pink_chains_1767775516641-D7dbFqZ2.png              [39m[1m[2m  816.87 kB[22m[1m[22m
[2mdist/[22m[32massets/prod_ring_main-ObTrBelW.png                         [39m[1m[2m  817.93 kB[22m[1m[22m
[2mdist/[22m[32massets/gold_pendants_green-DaZF7R5l.png                    [39m[1m[2m  821.96 kB[22m[1m[22m
[2mdist/[22m[32massets/lifestyle_party-DEQkLupe.png                        [39m[1m[2m  822.54 kB[22m[1m[22m
[2mdist/[22m[32massets/gold_color_yellow-Bzn9DiQe.png                      [39m[1m[2m  823.67 kB[22m[1m[22m
[2mdist/[22m[32massets/gold_bracelets_green-CnyaNTJQ.png                   [39m[1m[2m  828.53 kB[22m[1m[22m
[2mdist/[22m[32massets/TempleDate-_nPx9nG1.png                             [39m[1m[2m  831.30 kB[22m[1m[22m
[2mdist/[22m[32massets/mensilver-BIbu3Dc_.png                              [39m[1m[2m  831.60 kB[22m[1m[22m
[2mdist/[22m[32massets/daily_wear-BwCVkjKU.png                             [39m[1m[2m  833.78 kB[22m[1m[22m
[2mdist/[22m[32massets/bracelets-dFagwc8d.png                              [39m[1m[2m  836.53 kB[22m[1m[22m
[2mdist/[22m[32massets/gold_new_arrivals_green-Zabozdht.png                [39m[1m[2m  836.58 kB[22m[1m[22m
[2mdist/[22m[32massets/latest_drop_earrings-BsX7HIvA.png                   [39m[1m[2m  841.53 kB[22m[1m[22m
[2mdist/[22m[32massets/lifestyle_traditional-DTFLwKO9.png                  [39m[1m[2m  844.62 kB[22m[1m[22m
[2mdist/[22m[32massets/bridal_royal-CrMRw9V0.png                           [39m[1m[2m  848.36 kB[22m[1m[22m
[2mdist/[22m[32massets/men_hero_bold-D1E3Y_GX.png                          [39m[1m[2m  851.93 kB[22m[1m[22m
[2mdist/[22m[32massets/lifestyle_gift_card-DveUvawY.png                    [39m[1m[2m  852.63 kB[22m[1m[22m
[2mdist/[22m[32massets/gift_friends_silver-D1FMlIRP.png                    [39m[1m[2m  852.65 kB[22m[1m[22m
[2mdist/[22m[32massets/reception-SsIVbuxq.png                              [39m[1m[2m  854.51 kB[22m[1m[22m
[2mdist/[22m[32massets/premium_necklace_product-BOD4MSWo.png               [39m[1m[2m  855.38 kB[22m[1m[22m
[2mdist/[22m[32massets/new_launch_chains-BHFqRoT5.png                      [39m[1m[2m  857.48 kB[22m[1m[22m
[2mdist/[22m[32massets/sets-CWRAABzm.png                                   [39m[1m[2m  872.06 kB[22m[1m[22m
[2mdist/[22m[32massets/pendants-DoPDUDe9.png                               [39m[1m[2m  873.52 kB[22m[1m[22m
[2mdist/[22m[32massets/family_boho-CMdWuF2l.png                            [39m[1m[2m  896.75 kB[22m[1m[22m
[2mdist/[22m[32massets/CuratedCombos-AXLbgJvj.png                          [39m[1m[2m  896.87 kB[22m[1m[22m
[2mdist/[22m[32massets/Screen Recording 2026-04-03 142555-CHLvW5e8.mp4     [39m[1m[2m  898.34 kB[22m[1m[22m
[2mdist/[22m[32massets/image-BqijuATi.png                                  [39m[1m[2m  899.75 kB[22m[1m[22m
[2mdist/[22m[32massets/family_trend_4-CIOw3NHJ.png                         [39m[1m[2m  911.75 kB[22m[1m[22m
[2mdist/[22m[32massets/sangeet-XCl6bdy7.png                                [39m[1m[2m  913.05 kB[22m[1m[22m
[2mdist/[22m[32massets/GirlOuting-KS_hgPSa.png                             [39m[1m[2m  926.60 kB[22m[1m[22m
[2mdist/[22m[32massets/lifestyle_twinning-DRP4EmIo.png                     [39m[1m[2m  930.25 kB[22m[1m[22m
[2mdist/[22m[32massets/gold_bangles_green-D_Qf970m.png                     [39m[1m[2m  931.88 kB[22m[1m[22m
[2mdist/[22m[32massets/cat_all_premium-ZOkYjogS.png                        [39m[1m[2m  933.95 kB[22m[1m[22m
[2mdist/[22m[32massets/bond_friends-Cd4ZcwZk.png                           [39m[1m[2m  949.99 kB[22m[1m[22m
[2mdist/[22m[32massets/beyond_bold_emerald_set-DqJpzxL1.png                [39m[1m[2m  967.84 kB[22m[1m[22m
[2mdist/[22m[32massets/nav_occasion_wedding-QNqZo_B9.png                   [39m[1m[2m  968.00 kB[22m[1m[22m
[2mdist/[22m[32massets/family_hero_banner_4k-CjMGHpbH.jpg                  [39m[1m[2m1,259.18 kB[22m[1m[22m
[2mdist/[22m[35massets/index-CgiJtASc.css                                  [39m[1m[2m  272.04 kB[22m[1m[22m[2m Ôöé gzip:  37.50 kB[22m
[2mdist/[22m[36massets/premium_ring_product-Jl4e55dw.js                    [39m[1m[2m    0.06 kB[22m[1m[22m[2m Ôöé gzip:   0.08 kB[22m
[2mdist/[22m[36massets/prod_ring_main-CcK1P05t.js                          [39m[1m[2m    0.06 kB[22m[1m[22m[2m Ôöé gzip:   0.08 kB[22m
[2mdist/[22m[36massets/family_astra-D2rIAlYQ.js                            [39m[1m[2m    0.06 kB[22m[1m[22m[2m Ôöé gzip:   0.08 kB[22m
[2mdist/[22m[36massets/trending_modern-CsUOrJwC.js                         [39m[1m[2m    0.06 kB[22m[1m[22m[2m Ôöé gzip:   0.08 kB[22m
[2mdist/[22m[36massets/women_hero_radiance-zoRo3AWX.js                     [39m[1m[2m    0.07 kB[22m[1m[22m[2m Ôöé gzip:   0.09 kB[22m
[2mdist/[22m[36massets/gift_wife_silver-AjO4DlGb.js                        [39m[1m[2m    0.11 kB[22m[1m[22m[2m Ôöé gzip:   0.11 kB[22m
[2mdist/[22m[36massets/pink_chains_1767775516641-PCgoM_gz.js               [39m[1m[2m    0.12 kB[22m[1m[22m[2m Ôöé gzip:   0.13 kB[22m
[2mdist/[22m[36massets/chains-D3vhEpGH.js                                  [39m[1m[2m    0.18 kB[22m[1m[22m[2m Ôöé gzip:   0.15 kB[22m
[2mdist/[22m[36massets/latest_drop_bracelet-HITcqjYs.js                    [39m[1m[2m    0.21 kB[22m[1m[22m[2m Ôöé gzip:   0.17 kB[22m
[2mdist/[22m[36massets/banknote-CizHlHtE.js                                [39m[1m[2m    0.24 kB[22m[1m[22m[2m Ôöé gzip:   0.21 kB[22m
[2mdist/[22m[36massets/productMetal-DwxT45xs.js                            [39m[1m[2m    0.27 kB[22m[1m[22m[2m Ôöé gzip:   0.18 kB[22m
[2mdist/[22m[36massets/sliders-horizontal-3mBCErEL.js                      [39m[1m[2m    0.43 kB[22m[1m[22m[2m Ôöé gzip:   0.24 kB[22m
[2mdist/[22m[36massets/womenNavigation-CWtPaYTW.js                         [39m[1m[2m    0.90 kB[22m[1m[22m[2m Ôöé gzip:   0.48 kB[22m
[2mdist/[22m[36massets/FamilyRecipientProductsPage-XU5kDklB.js             [39m[1m[2m    1.59 kB[22m[1m[22m[2m Ôöé gzip:   0.81 kB[22m
[2mdist/[22m[36massets/OrderSuccess-BGnPx4Dh.js                            [39m[1m[2m    1.92 kB[22m[1m[22m[2m Ôöé gzip:   0.86 kB[22m
[2mdist/[22m[36massets/Wishlist-DX_9gZdp.js                                [39m[1m[2m    2.67 kB[22m[1m[22m[2m Ôöé gzip:   1.22 kB[22m
[2mdist/[22m[36massets/FAQSection-CHfAkKNh.js                              [39m[1m[2m    3.08 kB[22m[1m[22m[2m Ôöé gzip:   1.47 kB[22m
[2mdist/[22m[36massets/BlogDetailPage-xwGF2bZa.js                          [39m[1m[2m    3.30 kB[22m[1m[22m[2m Ôöé gzip:   1.36 kB[22m
[2mdist/[22m[36massets/legacyCmsAssets-vGlBeWhm.js                         [39m[1m[2m    3.42 kB[22m[1m[22m[2m Ôöé gzip:   1.47 kB[22m
[2mdist/[22m[36massets/DynamicPage-Z_ebhrxB.js                             [39m[1m[2m    3.47 kB[22m[1m[22m[2m Ôöé gzip:   1.39 kB[22m
[2mdist/[22m[36massets/BestStylesSection-mBtm53vw.js                       [39m[1m[2m    3.50 kB[22m[1m[22m[2m Ôöé gzip:   1.44 kB[22m
[2mdist/[22m[36massets/BlogsPage-DCj59iFM.js                               [39m[1m[2m    3.56 kB[22m[1m[22m[2m Ôöé gzip:   1.49 kB[22m
[2mdist/[22m[36massets/BestStylesPage-C3iTAgm_.js                          [39m[1m[2m    4.13 kB[22m[1m[22m[2m Ôöé gzip:   1.74 kB[22m
[2mdist/[22m[36massets/ReturnsPage-DeWex8zG.js                             [39m[1m[2m    4.32 kB[22m[1m[22m[2m Ôöé gzip:   1.54 kB[22m
[2mdist/[22m[36massets/ReplacementsPage-CrLvbcZp.js                        [39m[1m[2m    4.38 kB[22m[1m[22m[2m Ôöé gzip:   1.56 kB[22m
[2mdist/[22m[36massets/Notifications-Bf7JsgKY.js                           [39m[1m[2m    4.68 kB[22m[1m[22m[2m Ôöé gzip:   1.65 kB[22m
[2mdist/[22m[36massets/JewelleryCollectionsPage-ljCI1Yp3.js                [39m[1m[2m    5.22 kB[22m[1m[22m[2m Ôöé gzip:   2.01 kB[22m
[2mdist/[22m[36massets/BondCollectionPage-DvsOJAMT.js                      [39m[1m[2m    5.69 kB[22m[1m[22m[2m Ôöé gzip:   2.44 kB[22m
[2mdist/[22m[36massets/Dashboard-DY_PTiPP.js                               [39m[1m[2m    5.91 kB[22m[1m[22m[2m Ôöé gzip:   2.16 kB[22m
[2mdist/[22m[36massets/FamilyProductsCatalog-vitlsT4v.js                   [39m[1m[2m    5.96 kB[22m[1m[22m[2m Ôöé gzip:   2.31 kB[22m
[2mdist/[22m[36massets/FamilyCollectionProductsPage-BaL1BOWC.js            [39m[1m[2m    6.00 kB[22m[1m[22m[2m Ôöé gzip:   2.04 kB[22m
[2mdist/[22m[36massets/ReplacementDetailPage-1Wh0hQIg.js                   [39m[1m[2m    6.20 kB[22m[1m[22m[2m Ôöé gzip:   2.03 kB[22m
[2mdist/[22m[36massets/AboutUs-CErGVT41.js                                 [39m[1m[2m    6.47 kB[22m[1m[22m[2m Ôöé gzip:   2.12 kB[22m
[2mdist/[22m[36massets/ReturnDetailPage-By34_Juk.js                        [39m[1m[2m    6.67 kB[22m[1m[22m[2m Ôöé gzip:   2.18 kB[22m
[2mdist/[22m[36massets/ProductCard-Dn_FZmx_.js                             [39m[1m[2m    6.79 kB[22m[1m[22m[2m Ôöé gzip:   2.58 kB[22m
[2mdist/[22m[36massets/ReturnRequestPage-CHGiizJl.js                       [39m[1m[2m    7.13 kB[22m[1m[22m[2m Ôöé gzip:   2.68 kB[22m
[2mdist/[22m[36massets/ReplacementRequestPage-C6jqdmIv.js                  [39m[1m[2m    7.18 kB[22m[1m[22m[2m Ôöé gzip:   2.65 kB[22m
[2mdist/[22m[36massets/OrderTracking-BpT8nMt9.js                           [39m[1m[2m   10.23 kB[22m[1m[22m[2m Ôöé gzip:   2.93 kB[22m
[2mdist/[22m[36massets/Login-CQHC0514.js                                   [39m[1m[2m   11.85 kB[22m[1m[22m[2m Ôöé gzip:   3.27 kB[22m
[2mdist/[22m[36massets/HelpCenter-Gx0eLE9s.js                              [39m[1m[2m   13.20 kB[22m[1m[22m[2m Ôöé gzip:   3.74 kB[22m
[2mdist/[22m[36massets/Cart-DByXTW2A.js                                    [39m[1m[2m   15.02 kB[22m[1m[22m[2m Ôöé gzip:   4.06 kB[22m
[2mdist/[22m[36massets/mockCollectionData-Bwhw8IFT.js                      [39m[1m[2m   17.23 kB[22m[1m[22m[2m Ôöé gzip:   2.68 kB[22m
[2mdist/[22m[36massets/Shop-B2FXaPDr.js                                    [39m[1m[2m   21.18 kB[22m[1m[22m[2m Ôöé gzip:   6.59 kB[22m
[2mdist/[22m[36massets/Checkout-C9zr6R0-.js                                [39m[1m[2m   23.15 kB[22m[1m[22m[2m Ôöé gzip:   5.26 kB[22m
[2mdist/[22m[36massets/ShopForFamily-DYu7WMD_.js                           [39m[1m[2m   24.25 kB[22m[1m[22m[2m Ôöé gzip:   6.60 kB[22m
[2mdist/[22m[36massets/ShopForWomen-CeI6GdE0.js                            [39m[1m[2m   33.23 kB[22m[1m[22m[2m Ôöé gzip:   9.35 kB[22m
[2mdist/[22m[36massets/GoldJewelleryPage-tePSzo6H.js                       [39m[1m[2m   43.38 kB[22m[1m[22m[2m Ôöé gzip:   9.71 kB[22m
[2mdist/[22m[36massets/ProductDetails-oqKlBrv7.js                          [39m[1m[2m   48.85 kB[22m[1m[22m[2m Ôöé gzip:  13.37 kB[22m
[2mdist/[22m[36massets/Profile-DH5tm8ni.js                                 [39m[1m[2m   48.91 kB[22m[1m[22m[2m Ôöé gzip:   9.50 kB[22m
[2mdist/[22m[36massets/ShopForMen-DBdK1ji-.js                              [39m[1m[2m   49.85 kB[22m[1m[22m[2m Ôöé gzip:  13.50 kB[22m
[2mdist/[22m[36massets/Home-Cr3W1-0O.js                                    [39m[1m[2m   76.85 kB[22m[1m[22m[2m Ôöé gzip:  20.36 kB[22m
[2mdist/[22m[36massets/index-BHgW4Z84.js                                   [39m[1m[33m1,939.23 kB[39m[22m[2m Ôöé gzip: 502.99 kB[22m
[32mÔ£ô built in 24.93s[39m
npm.cmd : [33m
At line:1 char:1
+ npm.cmd run build > build_output.txt 2>&1
+ ~~~~~~~~~~~~~~~~~~~~~~~~~~~~~~~~~~~~~~~~~
    + CategoryInfo          : NotSpecified: ([33m:String) [], RemoteException
    + FullyQualifiedErrorId : NativeCommandError
 
(!) Some chunks are larger than 500 kB after minification. Consider:
- Using dynamic import() to code-split the application
- Use build.rollupOptions.output.manualChunks to improve chunking: 
https://rollupjs.org/configuration-options/#output-manualchunks
- Adjust chunk size limit for this warning via build.chunkSizeWarningLimit.[39m
